== rest 364s from 00:23:03; models loaded at start: 0
== nemotron-3.5-lightning:latest think=on structured=on start 00:29:08
[85/270] prs-aspire-si-55-4u gold=unsupported -> unsupported (12.6s)
[86/270] prs-aspire-si-55-5s gold=supported -> cannot_tell (10.9s)
[87/270] prs-aspire-si-55-5u gold=unsupported -> unsupported (3.8s)
[88/270] prs-aspire-si-55-6s gold=supported -> supported (7.4s)
[89/270] prs-aspire-si-55-6u gold=unsupported -> unsupported (6.6s)
[90/270] prs-aspire-si-56-2s gold=supported -> cannot_tell (2.8s)
[91/270] prs-aspire-si-56-2u gold=unsupported -> unsupported (3.2s)
[92/270] prs-aspire-si-56-3s gold=supported -> supported (5.6s)
[93/270] prs-aspire-si-56-3u gold=unsupported -> cannot_tell (8.2s)
[94/270] prs-aspire-si-58-3s gold=supported -> supported (7.4s)
[95/270] prs-aspire-si-58-3u gold=unsupported -> supported (11.3s)
[96/270] prs-aspire-si-58-4s gold=supported -> supported (20.6s)
[97/270] prs-aspire-si-58-4u gold=unsupported -> unsupported (3.8s)
[98/270] prs-aspire-si-59-1s gold=supported -> supported (3.4s)
[99/270] prs-aspire-si-59-1u gold=unsupported -> unsupported (21.6s)
[100/270] prs-aspire-si-59-4s gold=supported -> supported (6.0s)
[101/270] prs-aspire-si-59-4u gold=unsupported -> unsupported (5.5s)
[102/270] prs-aspire-si-59-5s gold=supported -> supported (10.6s)
[103/270] prs-aspire-si-59-5u gold=unsupported -> unsupported (8.9s)
[104/270] prs-aspire-si-61-4s gold=supported -> supported (9.9s)
[105/270] prs-aspire-si-61-4u gold=unsupported -> unsupported (8.2s)
[106/270] prs-aspire-si-61-5s gold=supported -> supported (3.3s)
[107/270] prs-aspire-si-61-5u gold=unsupported -> unsupported (4.0s)
[108/270] prs-aspire-si-61-6s gold=supported -> supported (2.4s)
[109/270] prs-aspire-si-61-6u gold=unsupported -> supported (7.9s)
