  1 cannot_tell 52.2s
  2 supported 31.3s
  3 supported 6.8s
  4 supported 9.6s
  5 supported 10.0s
  6 cannot_tell 21.1s
  7 supported 6.3s
  8 supported 7.2s
  9 supported 5.9s
 10 cannot_tell 7.5s
 11 cannot_tell 5.5s
 12 supported 6.4s
 13 unsupported 36.6s
 14 cannot_tell 21.4s
 15 cannot_tell 8.7s
 16 supported 5.4s
 17 unsupported 32.4s
 18 supported 6.7s
 19 cannot_tell 6.7s
 20 supported 5.2s
 21 unsupported 7.9s
 22 supported 6.6s
 23 supported 29.2s
 24 cannot_tell 8.6s
 25 unsupported 15.4s
 26 unsupported 8.0s
 27 unsupported 12.9s
 28 supported 13.7s
 29 supported 9.9s
 30 unsupported 4.0s
 31 cannot_tell 7.3s
 32 supported 13.2s
 33 unsupported 6.9s
 34 supported 6.9s
 35 supported 13.3s
 36 unsupported 8.1s
 37 supported 12.6s
 38 unsupported 7.0s
 39 unsupported 9.7s
 40 supported 8.1s
 41 supported 5.0s
 42 supported 7.3s
 43 unsupported 4.3s
 44 unsupported 10.5s
 45 supported 8.9s
 46 unsupported 8.4s
 47 unsupported 9.5s
 48 unsupported 16.1s
 49 unsupported 19.7s
 50 unsupported 8.9s
 51 supported 9.6s
 52 unsupported 6.9s
 53 supported 12.2s
 54 supported 11.6s
 55 unsupported 8.3s
 56 unsupported 9.1s
 57 supported 16.0s
 58 unsupported 8.9s
 59 cannot_tell 16.1s
 60 supported 5.8s
 61 unsupported 7.2s
 62 supported 7.0s
 63 unsupported 6.6s
 64 unsupported 6.7s
 65 unsupported 9.9s
 66 supported 4.4s
 67 unsupported 7.7s
 68 unsupported 11.6s
 69 unsupported 10.1s
 70 cannot_tell 9.0s
 71 unsupported 6.6s
 72 supported 7.4s
 73 unsupported 11.0s
 74 unsupported 11.9s
 75 unsupported 9.5s
 76 supported 18.0s
 77 supported 9.1s
 78 cannot_tell 4.8s
 79 unsupported 12.9s
 80 unsupported 5.9s
 81 supported 7.9s
 82 supported 8.1s
 83 supported 7.4s
 84 unsupported 6.6s
 85 supported 22.1s
 86 unsupported 16.5s
 87 supported 9.9s
 88 supported 47.2s
 89 unsupported 8.6s
 90 supported 7.4s
 91 supported 42.0s
 92 unsupported 5.3s
 93 unsupported 10.9s
 94 unsupported 8.6s
 95 supported 76.3s
 96 unsupported 5.1s
 97 unsupported 5.0s
 98 cannot_tell 7.7s
 99 supported 11.3s
100 unsupported 12.1s
101 unsupported 142.6s
102 unsupported 17.6s
103 supported 10.9s
104 cannot_tell 12.1s
105 supported 7.4s
106 unsupported 5.2s
107 unsupported 5.4s
108 cannot_tell 5.1s
109 supported 8.7s
110 unsupported 6.2s
111 unsupported 6.8s
112 supported 5.0s
113 supported 11.2s
114 cannot_tell 4.1s
115 supported 9.1s
116 cannot_tell 52.2s
117 unsupported 6.8s
118 supported 9.8s
119 unsupported 8.4s
120 supported 9.0s
