== gemma4:31b think=on structured=on start 14:25:49
  false-accept (unsup only): 0/128 0.0% [0.0-2.9]
  false-accept (subtle): 0/128 0.0% [0.0-2.9]
  gold cannot_tell: accepted 0/14 0.0% [0.0-21.5], said cannot_tell 9/14 64.3% [38.8-83.7], said unsupported 5
  abstain: 19/255 7.5% [4.8-11.3]   balanced accuracy (decided): 0.991
strata:
  has_doc_comment=false        grounded   n=104  FA 0/59 0.0% [0.0-6.1]  subtle FA 0/52 0.0% [0.0-6.9]  abstain 9/97 9.3% [5.0-16.7]  BA 1.000
  has_doc_comment=true         grounded   n=100  FA 0/48 0.0% [0.0-7.4]  subtle FA 0/46 0.0% [0.0-7.7]  abstain 9/98 9.2% [4.9-16.5]  BA 0.989
  origin=offrig-a45fe53        grounded   n=22   FA 0/12 0.0% [0.0-24.2]  subtle FA 0/10 0.0% [0.0-27.8]  abstain 1/20 5.0% [0.9-23.6]  BA 1.000
  origin=prs-2026-10-08        grounded   n=204  FA 0/107 0.0% [0.0-3.5]  subtle FA 0/98 0.0% [0.0-3.8]  abstain 18/195 9.2% [5.9-14.1]  BA 0.994
  origin=role-os-ce91be8       grounded   n=43   FA 0/23 0.0% [0.0-14.3]  subtle FA 0/20 0.0% [0.0-16.1]  abstain 0/40 0.0% [0.0-8.8]  BA 0.975
  self_referential=false       grounded   n=172  FA 0/90 0.0% [0.0-4.1]  subtle FA 0/83 0.0% [0.0-4.4]  abstain 16/165 9.7% [6.1-15.2]  BA 0.993
  self_referential=true        grounded   n=32   FA 0/17 0.0% [0.0-18.4]  subtle FA 0/15 0.0% [0.0-20.4]  abstain 2/30 6.7% [1.8-21.3]  BA 1.000
cost: $0.0000 over 3347s wall at $0/hr = $0.00000 per claim (boot and pull time not included)
default rule (grounded and reasoning; knowledge reported only):
  note: model-caused unusable outcomes (bad_verdict, truncated, repeated timeout, repeated server error or dropped reply) count as missing answers and fail the rule; a fail can come from those, not only from false accepts
  grounded: FAIL
    FAIL every claim answered: missing 1 (need 0)
    ok   gold unsupported claims: 128 (need >= 100)
    ok   false-accept upper bound (primary): 0.0263 (need < 0.1)
    ok   abstain rate: 0.0745 (need <= 0.2)
    ok   balanced accuracy on decided: 0.9911 (need >= 0.8)
  reasoning: not run
  knowledge (reported only): not run
default rule overall: FAIL
wrote verdicts.jsonl, manifest.json and metrics.json to E:/AI/rnd-calibrate-r2/cal-gemma4_31b-grounded-tune
reasoning  n=223 sup=102 unsup=102 ct=19 missing=0
  false-accept (unsup+ct): 3/121 2.5% [0.8-7.0]
  false-accept (unsup only): 2/102 2.0% [0.5-6.9]
  false-accept (subtle): 2/102 2.0% [0.5-6.9]
  gold cannot_tell: accepted 1/19 5.3% [0.9-24.6], said cannot_tell 13/19 68.4% [46.0-84.6], said unsupported 5
  abstain: 12/204 5.9% [3.4-10.0]   balanced accuracy (decided): 0.980
strata:
  has_doc_comment=false        reasoning  n=127  FA 2/71 2.8% [0.8-9.7]  subtle FA 1/56 1.8% [0.3-9.4]  abstain 5/112 4.5% [1.9-10.0]  BA 0.973
  has_doc_comment=true         reasoning  n=96   FA 1/50 2.0% [0.4-10.5]  subtle FA 1/46 2.2% [0.4-11.3]  abstain 7/92 7.6% [3.7-14.9]  BA 0.989
  origin=diffs-2026-10         reasoning  n=91   FA 1/51 2.0% [0.3-10.3]  subtle FA 0/41 0.0% [0.0-8.6]  abstain 2/81 2.5% [0.7-8.6]  BA 0.975
  origin=diffs-2026-10-b2      reasoning  n=111  FA 0/58 0.0% [0.0-6.2]  subtle FA 0/52 0.0% [0.0-6.9]  abstain 8/105 7.6% [3.9-14.3]  BA 1.000
  origin=diffs-2026-10-hard    reasoning  n=21   FA 2/12 16.7% [4.7-44.8]  subtle FA 2/9 22.2% [6.3-54.7]  abstain 2/18 11.1% [3.1-32.8]  BA 0.875
cost: $0.0000 over 3064s wall at $0/hr = $0.00000 per claim (boot and pull time not included)
default rule (grounded and reasoning; knowledge reported only):
  note: model-caused unusable outcomes (bad_verdict, truncated, repeated timeout, repeated server error or dropped reply) count as missing answers and fail the rule; a fail can come from those, not only from false accepts
  grounded: not run
  reasoning: PASS
    ok   every claim answered: missing 0 (need 0)
    ok   gold unsupported claims: 102 (need >= 100)
    ok   false-accept upper bound (primary): 0.0704 (need < 0.1)
    ok   abstain rate: 0.0588 (need <= 0.2)
    ok   balanced accuracy on decided: 0.9803 (need >= 0.8)
  knowledge (reported only): not run
default rule overall: FAIL
wrote verdicts.jsonl, manifest.json and metrics.json to E:/AI/rnd-calibrate-r2/cal-gemma4_31b-reasoning-tune
== gemma4:31b end 16:12:48; models loaded after unload: 0
== grounded: complete
== reasoning: complete
exit 0
