== rest 540s from 04:58:05; models loaded at start: 0
== gemma4:31b think=on structured=on start 05:07:06
  false-accept (unsup only): 0/128 0.0% [0.0-2.9]
  false-accept (subtle): 0/128 0.0% [0.0-2.9]
  gold cannot_tell: accepted 0/14 0.0% [0.0-21.5], said cannot_tell 9/14 64.3% [38.8-83.7], said unsupported 5
  abstain: 52/254 20.5% [16.0-25.9]   balanced accuracy (decided): 0.989
strata:
  has_doc_comment=false        grounded   n=104  FA 0/59 0.0% [0.0-6.1]  subtle FA 0/52 0.0% [0.0-6.9]  abstain 12/97 12.4% [7.2-20.4]  BA 1.000
  has_doc_comment=true         grounded   n=100  FA 0/48 0.0% [0.0-7.4]  subtle FA 0/46 0.0% [0.0-7.7]  abstain 37/98 37.8% [28.8-47.6]  BA 0.982
  origin=offrig-a45fe53        grounded   n=22   FA 0/12 0.0% [0.0-24.2]  subtle FA 0/10 0.0% [0.0-27.8]  abstain 3/20 15.0% [5.2-36.0]  BA 1.000
  origin=prs-2026-10-08        grounded   n=204  FA 0/107 0.0% [0.0-3.5]  subtle FA 0/98 0.0% [0.0-3.8]  abstain 49/195 25.1% [19.6-31.7]  BA 0.992
  origin=role-os-ce91be8       grounded   n=42   FA 0/23 0.0% [0.0-14.3]  subtle FA 0/20 0.0% [0.0-16.1]  abstain 0/39 0.0% [0.0-9.0]  BA 0.974
  self_referential=false       grounded   n=172  FA 0/90 0.0% [0.0-4.1]  subtle FA 0/83 0.0% [0.0-4.4]  abstain 34/165 20.6% [15.1-27.4]  BA 0.992
  self_referential=true        grounded   n=32   FA 0/17 0.0% [0.0-18.4]  subtle FA 0/15 0.0% [0.0-20.4]  abstain 15/30 50.0% [33.2-66.8]  BA 1.000
cost: $0.0000 over 3079s wall at $0/hr = $0.00000 per claim (boot and pull time not included)
default rule (grounded and reasoning; knowledge reported only):
  note: model-caused unusable outcomes (bad_verdict, truncated, repeated timeout) count as missing answers and fail the rule; a fail can come from those, not only from false accepts
  grounded: FAIL
    FAIL every claim answered: missing 2 (need 0)
    ok   gold unsupported claims: 128 (need >= 100)
    ok   false-accept upper bound (primary): 0.0263 (need < 0.1)
    FAIL abstain rate: 0.2047 (need <= 0.2)
    ok   balanced accuracy on decided: 0.9892 (need >= 0.8)
  reasoning: not run
  knowledge (reported only): not run
default rule overall: FAIL
wrote verdicts.jsonl, manifest.json and metrics.json to E:/AI/rnd-calibrate/cal-gemma4_31b-grounded-tune
reasoning  n=221 sup=101 unsup=101 ct=19 missing=2
  false-accept (unsup+ct): 2/120 1.7% [0.5-5.9]
  false-accept (unsup only): 1/101 1.0% [0.2-5.4]
  false-accept (subtle): 1/101 1.0% [0.2-5.4]
  gold cannot_tell: accepted 1/19 5.3% [0.9-24.6], said cannot_tell 13/19 68.4% [46.0-84.6], said unsupported 5
  abstain: 13/202 6.4% [3.8-10.7]   balanced accuracy (decided): 0.990
strata:
  has_doc_comment=false        reasoning  n=126  FA 2/71 2.8% [0.8-9.7]  subtle FA 1/56 1.8% [0.3-9.4]  abstain 5/111 4.5% [1.9-10.1]  BA 0.983
  has_doc_comment=true         reasoning  n=95   FA 0/49 0.0% [0.0-7.3]  subtle FA 0/45 0.0% [0.0-7.9]  abstain 8/91 8.8% [4.5-16.4]  BA 1.000
  origin=diffs-2026-10         reasoning  n=90   FA 1/51 2.0% [0.3-10.3]  subtle FA 0/41 0.0% [0.0-8.6]  abstain 3/80 3.8% [1.3-10.5]  BA 0.988
  origin=diffs-2026-10-b2      reasoning  n=111  FA 0/58 0.0% [0.0-6.2]  subtle FA 0/52 0.0% [0.0-6.9]  abstain 8/105 7.6% [3.9-14.3]  BA 1.000
  origin=diffs-2026-10-hard    reasoning  n=20   FA 1/11 9.1% [1.6-37.7]  subtle FA 1/8 12.5% [2.2-47.1]  abstain 2/17 11.8% [3.3-34.3]  BA 0.929
cost: $0.0000 over 2995s wall at $0/hr = $0.00000 per claim (boot and pull time not included)
default rule (grounded and reasoning; knowledge reported only):
  note: model-caused unusable outcomes (bad_verdict, truncated, repeated timeout) count as missing answers and fail the rule; a fail can come from those, not only from false accepts
  grounded: not run
  reasoning: FAIL
    FAIL every claim answered: missing 2 (need 0)
    ok   gold unsupported claims: 101 (need >= 100)
    ok   false-accept upper bound (primary): 0.0587 (need < 0.1)
    ok   abstain rate: 0.0644 (need <= 0.2)
    ok   balanced accuracy on decided: 0.9903 (need >= 0.8)
  knowledge (reported only): not run
default rule overall: FAIL
wrote verdicts.jsonl, manifest.json and metrics.json to E:/AI/rnd-calibrate/cal-gemma4_31b-reasoning-tune
== gemma4:31b end 06:48:27; models loaded after unload: 0
== grounded: complete
== reasoning: complete
exit 0
