== rest 1070s from 10:10:40
== granite4.1:30b think=off structured=on ladder start 10:28:30
default rule (grounded and reasoning; knowledge reported only):
  note: model-caused unusable outcomes (bad_verdict, truncated, repeated timeout) count as missing answers and fail the rule; a fail can come from those, not only from false accepts
  grounded: FAIL
    ok   every claim answered: missing 0 (need 0)
    ok   gold unsupported claims: 390 (need >= 100)
    ok   false-accept upper bound (primary): 0.0098 (need < 0.1)
    FAIL abstain rate: 0.7885 (need <= 0.2)
    ok   balanced accuracy on decided: 0.9067 (need >= 0.8)
  reasoning: not run
  knowledge (reported only): not run
default rule overall: FAIL
wrote verdicts.jsonl, manifest.json and metrics.json to E:/AI/rnd-ladder/ladder-granite4.1_30b
== granite4.1:30b end 11:01:50; models loaded after unload: 0

granite4.1:30b
  L1            n=30 acc=0.67 [0.49,0.81] FA=0/15 (0.00 [0.00,0.20]) abstain=10
  L2            n=30 acc=0.63 [0.46,0.78] FA=0/15 (0.00 [0.00,0.20]) abstain=11
  L3            n=30 acc=0.03 [0.01,0.17] FA=0/15 (0.00 [0.00,0.20]) abstain=29
  L4            n=30 acc=0.00 [0.00,0.11] FA=0/15 (0.00 [0.00,0.20]) abstain=30
  L5            n=30 acc=0.13 [0.05,0.30] FA=0/15 (0.00 [0.00,0.20]) abstain=26
  L6            n=30 acc=0.10 [0.03,0.26] FA=0/15 (0.00 [0.00,0.20]) abstain=24
  L7            n=30 acc=0.10 [0.03,0.26] FA=0/15 (0.00 [0.00,0.20]) abstain=26
  L8            n=30 acc=0.23 [0.12,0.41] FA=0/15 (0.00 [0.00,0.20]) abstain=19
  steps=1       n=30 acc=0.37 [0.22,0.54] FA=0/15 (0.00 [0.00,0.20]) abstain=19
  steps=2       n=30 acc=0.03 [0.01,0.17] FA=0/15 (0.00 [0.00,0.20]) abstain=29
  steps=3       n=30 acc=0.07 [0.02,0.21] FA=0/15 (0.00 [0.00,0.20]) abstain=28
  precedence=1  n=30 acc=0.00 [0.00,0.11] FA=0/15 (0.00 [0.00,0.20]) abstain=30
  precedence=2  n=30 acc=0.03 [0.01,0.17] FA=0/15 (0.00 [0.00,0.20]) abstain=29
  precedence=3  n=30 acc=0.07 [0.02,0.21] FA=0/15 (0.00 [0.00,0.20]) abstain=28
  traps=1       n=30 acc=0.67 [0.49,0.81] FA=0/15 (0.00 [0.00,0.20]) abstain=10
  traps=2       n=30 acc=0.73 [0.56,0.86] FA=0/15 (0.00 [0.00,0.20]) abstain=8
  traps=3       n=30 acc=0.23 [0.12,0.41] FA=0/15 (0.00 [0.00,0.20]) abstain=23
  control=1     n=30 acc=0.03 [0.01,0.17] FA=0/15 (0.00 [0.00,0.20]) abstain=29
  control=2     n=30 acc=0.47 [0.30,0.64] FA=0/15 (0.00 [0.00,0.20]) abstain=16
  control=3     n=30 acc=0.00 [0.00,0.11] FA=0/15 (0.00 [0.00,0.20]) abstain=30
  units=1       n=30 acc=0.10 [0.03,0.26] FA=0/15 (0.00 [0.00,0.20]) abstain=27
  units=2       n=30 acc=0.10 [0.03,0.26] FA=0/15 (0.00 [0.00,0.20]) abstain=24
  units=3       n=30 acc=0.13 [0.05,0.30] FA=0/15 (0.00 [0.00,0.20]) abstain=24
  nearmiss=1    n=30 acc=0.00 [0.00,0.11] FA=0/15 (0.00 [0.00,0.20]) abstain=29
  nearmiss=2    n=30 acc=0.03 [0.01,0.17] FA=0/15 (0.00 [0.00,0.20]) abstain=29
  nearmiss=3    n=30 acc=0.07 [0.02,0.21] FA=0/15 (0.00 [0.00,0.20]) abstain=28
  falloff: ladder at L1, steps at steps=1, precedence at precedence=1, traps at traps=1, control at control=1, units at units=1, nearmiss at nearmiss=1
exit 0
